  skip (exists) tile_mine_start.webp
[mine/material] generating...
  OK -> tile_mine_material.webp
  skip (exists) tile_mine_mining.webp
  skip (exists) tile_mine_monster.webp
[mine/arrowdew] generating...
  OK -> tile_mine_arrowdew.webp
[mine/coins] generating...
  OK -> tile_mine_coins.webp
[mine/gacha] generating...
  OK -> tile_mine_gacha.webp
[mine/potion] generating...
  OK -> tile_mine_potion.webp
  skip (exists) tile_mine_chest.webp
[mine/catbond] generating...
  OK -> tile_mine_catbond.webp
[mine/fate] generating...
  OK -> tile_mine_fate.webp
[mine/opp] generating...
  OK -> tile_mine_opp.webp
[mine/camp] generating...
  OK -> tile_mine_camp.webp
[mine/empower] generating...
  OK -> tile_mine_empower.webp
[mine/catmate] generating...
  OK -> tile_mine_catmate.webp
[mine/trap] generating...
  OK -> tile_mine_trap.webp
[mine/shortcut] generating...
  OK -> tile_mine_shortcut.webp
[mine/market] generating...
  OK -> tile_mine_market.webp
[mine/scenery] generating...
  OK -> tile_mine_scenery.webp
  skip (exists) tile_mine_boss.webp
DONE
[farm/start] generating...
  OK -> tile_farm_start.webp
[farm/material] generating...
  OK -> tile_farm_material.webp
[farm/mining] generating...
  OK -> tile_farm_mining.webp
[farm/monster] generating...
  OK -> tile_farm_monster.webp
[farm/arrowdew] generating...
  OK -> tile_farm_arrowdew.webp
[farm/coins] generating...
  OK -> tile_farm_coins.webp
[farm/gacha] generating...
  OK -> tile_farm_gacha.webp
[farm/potion] generating...
  OK -> tile_farm_potion.webp
[farm/chest] generating...
  OK -> tile_farm_chest.webp
[farm/catbond] generating...
  OK -> tile_farm_catbond.webp
[farm/fate] generating...
  OK -> tile_farm_fate.webp
[farm/opp] generating...
  OK -> tile_farm_opp.webp
[farm/camp] generating...
  OK -> tile_farm_camp.webp
[farm/empower] generating...
  OK -> tile_farm_empower.webp
[farm/catmate] generating...
  OK -> tile_farm_catmate.webp
[farm/trap] generating...
  OK -> tile_farm_trap.webp
[farm/shortcut] generating...
  OK -> tile_farm_shortcut.webp
[farm/market] generating...
  OK -> tile_farm_market.webp
[farm/scenery] generating...
  OK -> tile_farm_scenery.webp
[farm/boss] generating...
  OK -> tile_farm_boss.webp
DONE
[harbor/start] generating...
  OK -> tile_harbor_start.webp
[harbor/material] generating...
  OK -> tile_harbor_material.webp
[harbor/mining] generating...
  OK -> tile_harbor_mining.webp
[harbor/monster] generating...
  OK -> tile_harbor_monster.webp
[harbor/arrowdew] generating...
  OK -> tile_harbor_arrowdew.webp
[harbor/coins] generating...
  OK -> tile_harbor_coins.webp
[harbor/gacha] generating...
  OK -> tile_harbor_gacha.webp
[harbor/potion] generating...
  OK -> tile_harbor_potion.webp
[harbor/chest] generating...
  OK -> tile_harbor_chest.webp
[harbor/catbond] generating...
  OK -> tile_harbor_catbond.webp
[harbor/fate] generating...
  OK -> tile_harbor_fate.webp
[harbor/opp] generating...
  OK -> tile_harbor_opp.webp
[harbor/camp] generating...
  OK -> tile_harbor_camp.webp
[harbor/empower] generating...
  OK -> tile_harbor_empower.webp
[harbor/catmate] generating...
  OK -> tile_harbor_catmate.webp
[harbor/trap] generating...
  OK -> tile_harbor_trap.webp
[harbor/shortcut] generating...
  OK -> tile_harbor_shortcut.webp
[harbor/market] generating...
  OK -> tile_harbor_market.webp
[harbor/scenery] generating...
  OK -> tile_harbor_scenery.webp
[harbor/boss] generating...
  OK -> tile_harbor_boss.webp
DONE
[hunting/start] generating...
  OK -> tile_hunting_start.webp
[hunting/material] generating...
  OK -> tile_hunting_material.webp
[hunting/mining] generating...
  OK -> tile_hunting_mining.webp
[hunting/monster] generating...
  OK -> tile_hunting_monster.webp
[hunting/arrowdew] generating...
  OK -> tile_hunting_arrowdew.webp
[hunting/coins] generating...
  OK -> tile_hunting_coins.webp
[hunting/gacha] generating...
  OK -> tile_hunting_gacha.webp
[hunting/potion] generating...
  OK -> tile_hunting_potion.webp
[hunting/chest] generating...
  OK -> tile_hunting_chest.webp
[hunting/catbond] generating...
  OK -> tile_hunting_catbond.webp
[hunting/fate] generating...
  OK -> tile_hunting_fate.webp
[hunting/opp] generating...
  OK -> tile_hunting_opp.webp
[hunting/camp] generating...
  OK -> tile_hunting_camp.webp
[hunting/empower] generating...
  OK -> tile_hunting_empower.webp
[hunting/catmate] generating...
  OK -> tile_hunting_catmate.webp
[hunting/trap] generating...
  OK -> tile_hunting_trap.webp
[hunting/shortcut] generating...
  OK -> tile_hunting_shortcut.webp
[hunting/market] generating...
  OK -> tile_hunting_market.webp
[hunting/scenery] generating...
  OK -> tile_hunting_scenery.webp
[hunting/boss] generating...
  OK -> tile_hunting_boss.webp
DONE
[market/start] generating...
  OK -> tile_market_start.webp
[market/material] generating...
  OK -> tile_market_material.webp
[market/mining] generating...
  OK -> tile_market_mining.webp
[market/monster] generating...
  OK -> tile_market_monster.webp
[market/arrowdew] generating...
  OK -> tile_market_arrowdew.webp
[market/coins] generating...
  OK -> tile_market_coins.webp
[market/gacha] generating...
  OK -> tile_market_gacha.webp
[market/potion] generating...
  OK -> tile_market_potion.webp
[market/chest] generating...
  OK -> tile_market_chest.webp
[market/catbond] generating...
  OK -> tile_market_catbond.webp
[market/fate] generating...
  OK -> tile_market_fate.webp
[market/opp] generating...
  OK -> tile_market_opp.webp
[market/camp] generating...
  OK -> tile_market_camp.webp
[market/empower] generating...
  OK -> tile_market_empower.webp
[market/catmate] generating...
  OK -> tile_market_catmate.webp
[market/trap] generating...
  OK -> tile_market_trap.webp
[market/shortcut] generating...
  OK -> tile_market_shortcut.webp
[market/market] generating...
  OK -> tile_market_market.webp
[market/scenery] generating...
  OK -> tile_market_scenery.webp
[market/boss] generating...
  OK -> tile_market_boss.webp
DONE
[warehouse/start] generating...
  OK -> tile_warehouse_start.webp
[warehouse/material] generating...
  OK -> tile_warehouse_material.webp
[warehouse/mining] generating...
  OK -> tile_warehouse_mining.webp
[warehouse/monster] generating...
  OK -> tile_warehouse_monster.webp
[warehouse/arrowdew] generating...
  OK -> tile_warehouse_arrowdew.webp
[warehouse/coins] generating...
  OK -> tile_warehouse_coins.webp
[warehouse/gacha] generating...
  OK -> tile_warehouse_gacha.webp
[warehouse/potion] generating...
  OK -> tile_warehouse_potion.webp
[warehouse/chest] generating...
  OK -> tile_warehouse_chest.webp
[warehouse/catbond] generating...
  OK -> tile_warehouse_catbond.webp
[warehouse/fate] generating...
  OK -> tile_warehouse_fate.webp
[warehouse/opp] generating...
  OK -> tile_warehouse_opp.webp
[warehouse/camp] generating...
  OK -> tile_warehouse_camp.webp
[warehouse/empower] generating...
  OK -> tile_warehouse_empower.webp
[warehouse/catmate] generating...
  OK -> tile_warehouse_catmate.webp
[warehouse/trap] generating...
  OK -> tile_warehouse_trap.webp
[warehouse/shortcut] generating...
  OK -> tile_warehouse_shortcut.webp
[warehouse/market] generating...
  OK -> tile_warehouse_market.webp
[warehouse/scenery] generating...
  OK -> tile_warehouse_scenery.webp
[warehouse/boss] generating...
  OK -> tile_warehouse_boss.webp
DONE
[archery/start] generating...
  OK -> tile_archery_start.webp
[archery/material] generating...
  OK -> tile_archery_material.webp
[archery/mining] generating...
  OK -> tile_archery_mining.webp
[archery/monster] generating...
  OK -> tile_archery_monster.webp
[archery/arrowdew] generating...
  OK -> tile_archery_arrowdew.webp
[archery/coins] generating...
  OK -> tile_archery_coins.webp
[archery/gacha] generating...
  OK -> tile_archery_gacha.webp
[archery/potion] generating...
  OK -> tile_archery_potion.webp
[archery/chest] generating...
  OK -> tile_archery_chest.webp
[archery/catbond] generating...
  OK -> tile_archery_catbond.webp
[archery/fate] generating...
  OK -> tile_archery_fate.webp
[archery/opp] generating...
  OK -> tile_archery_opp.webp
[archery/camp] generating...
  OK -> tile_archery_camp.webp
[archery/empower] generating...
  OK -> tile_archery_empower.webp
[archery/catmate] generating...
  OK -> tile_archery_catmate.webp
[archery/trap] generating...
  OK -> tile_archery_trap.webp
[archery/shortcut] generating...
  OK -> tile_archery_shortcut.webp
[archery/market] generating...
  OK -> tile_archery_market.webp
[archery/scenery] generating...
  OK -> tile_archery_scenery.webp
[archery/boss] generating...
  OK -> tile_archery_boss.webp
DONE
  skip (exists) tile_start.webp
  skip (exists) tile_material.webp
  skip (exists) tile_mining.webp
  skip (exists) tile_monster.webp
  skip (exists) tile_arrowdew.webp
  skip (exists) tile_coins.webp
  skip (exists) tile_gacha.webp
  skip (exists) tile_potion.webp
  skip (exists) tile_chest.webp
  skip (exists) tile_catbond.webp
  skip (exists) tile_fate.webp
  skip (exists) tile_opp.webp
[base/camp] generating...
  OK -> tile_camp.webp
[base/empower] generating...
  OK -> tile_empower.webp
[base/catmate] generating...
  OK -> tile_catmate.webp
[base/trap] generating...
  OK -> tile_trap.webp
[base/shortcut] generating...
  OK -> tile_shortcut.webp
[base/market] generating...
  OK -> tile_market.webp
[base/scenery] generating...
  OK -> tile_scenery.webp
[base/boss] generating...
  OK -> tile_boss.webp
DONE
