[mine/dig#1] generating...
  OK -> action_mine_dig_1.webp
[mine/dig#2] generating...
  OK -> action_mine_dig_2.webp
[mine/dig#3] generating...
  OK -> action_mine_dig_3.webp
[mine/gather#1] generating...
  OK -> action_mine_gather_1.webp
[mine/gather#2] generating...
  OK -> action_mine_gather_2.webp
[mine/gather#3] generating...
  OK -> action_mine_gather_3.webp
[farm/dig#1] generating...
  OK -> action_farm_dig_1.webp
[farm/dig#2] generating...
  OK -> action_farm_dig_2.webp
[farm/dig#3] generating...
  OK -> action_farm_dig_3.webp
[farm/gather#1] generating...
  OK -> action_farm_gather_1.webp
[farm/gather#2] generating...
  OK -> action_farm_gather_2.webp
[farm/gather#3] generating...
  OK -> action_farm_gather_3.webp
[harbor/dig#1] generating...
  OK -> action_harbor_dig_1.webp
[harbor/dig#2] generating...
  OK -> action_harbor_dig_2.webp
[harbor/dig#3] generating...
  OK -> action_harbor_dig_3.webp
[harbor/gather#1] generating...
  OK -> action_harbor_gather_1.webp
[harbor/gather#2] generating...
  OK -> action_harbor_gather_2.webp
[harbor/gather#3] generating...
  OK -> action_harbor_gather_3.webp
[hunting/dig#1] generating...
  OK -> action_hunting_dig_1.webp
[hunting/dig#2] generating...
  OK -> action_hunting_dig_2.webp
[hunting/dig#3] generating...
  OK -> action_hunting_dig_3.webp
[hunting/gather#1] generating...
  OK -> action_hunting_gather_1.webp
[hunting/gather#2] generating...
  OK -> action_hunting_gather_2.webp
[hunting/gather#3] generating...
  OK -> action_hunting_gather_3.webp
[market/dig#1] generating...
  OK -> action_market_dig_1.webp
[market/dig#2] generating...
  OK -> action_market_dig_2.webp
[market/dig#3] generating...
  OK -> action_market_dig_3.webp
[market/gather#1] generating...
  OK -> action_market_gather_1.webp
[market/gather#2] generating...
  OK -> action_market_gather_2.webp
[market/gather#3] generating...
  OK -> action_market_gather_3.webp
[warehouse/dig#1] generating...
  OK -> action_warehouse_dig_1.webp
[warehouse/dig#2] generating...
  OK -> action_warehouse_dig_2.webp
[warehouse/dig#3] generating...
  OK -> action_warehouse_dig_3.webp
[warehouse/gather#1] generating...
  OK -> action_warehouse_gather_1.webp
[warehouse/gather#2] generating...
  OK -> action_warehouse_gather_2.webp
[warehouse/gather#3] generating...
  OK -> action_warehouse_gather_3.webp
[archery/dig#1] generating...
  OK -> action_archery_dig_1.webp
[archery/dig#2] generating...
  OK -> action_archery_dig_2.webp
[archery/dig#3] generating...
  OK -> action_archery_dig_3.webp
[archery/gather#1] generating...
  OK -> action_archery_gather_1.webp
[archery/gather#2] generating...
  OK -> action_archery_gather_2.webp
[archery/gather#3] generating...
  OK -> action_archery_gather_3.webp
done
